>         INSTR OP1,OP2              REMARK(REM)                                 
#^^^^^^^^^ source.hlasm
#         ^^^^^ source.hlasm entity.name.function.hlasm
#              ^ source.hlasm
#               ^^^ source.hlasm punctuation.definition.tag.hlasm
#                  ^ source.hlasm
#                   ^^^ source.hlasm punctuation.definition.tag.hlasm
#                      ^^^^^^^^^^^^^^ source.hlasm
#                                    ^^^^^^^^^^^ source.hlasm comment.hlasm
#                                               ^^^^^^^^^^^^^^^^^^^^^^^^^^^^^^^^^ source.hlasm
>         INSTR OP1,12,OP2-ARR(R15)  REMARK(REM)                                 
#^^^^^^^^^ source.hlasm
#         ^^^^^ source.hlasm entity.name.function.hlasm
#              ^ source.hlasm
#               ^^^ source.hlasm punctuation.definition.tag.hlasm
#                  ^ source.hlasm
#                   ^^ source.hlasm punctuation.definition.tag.hlasm constant.numeric.hlasm
#                     ^ source.hlasm
#                      ^^^ source.hlasm punctuation.definition.tag.hlasm
#                         ^ source.hlasm
#                          ^^^ source.hlasm punctuation.definition.tag.hlasm
#                             ^ source.hlasm
#                              ^^^ source.hlasm punctuation.definition.tag.hlasm
#                                 ^ source.hlasm
#                                  ^^ source.hlasm
#                                    ^^^^^^^^^^^ source.hlasm comment.hlasm
#                                               ^^^^^^^^^^^^^^^^^^^^^^^^^^^^^^^^^ source.hlasm
>
>         INSTR ARR(12),=SYM'F12345678'                           
#^^^^^^^^^ source.hlasm
#         ^^^^^ source.hlasm entity.name.function.hlasm
#              ^ source.hlasm
#               ^^^ source.hlasm punctuation.definition.tag.hlasm
#                  ^ source.hlasm
#                   ^^ source.hlasm punctuation.definition.tag.hlasm constant.numeric.hlasm
#                     ^ source.hlasm
#                      ^^ source.hlasm
#                        ^^^ source.hlasm punctuation.definition.tag.hlasm
#                           ^ source.hlasm string.hlasm
#                            ^^^^^^^^^^ source.hlasm string.hlasm
#                                      ^^^^^^^^^^^^^^^^^^^^^^^^^^^ source.hlasm
>         INSTR OP1,=ARR(1234-2)
#^^^^^^^^^ source.hlasm
#         ^^^^^ source.hlasm entity.name.function.hlasm
#              ^ source.hlasm
#               ^^^ source.hlasm punctuation.definition.tag.hlasm
#                  ^^ source.hlasm
#                    ^^^ source.hlasm punctuation.definition.tag.hlasm
#                       ^ source.hlasm
#                        ^^^^ source.hlasm punctuation.definition.tag.hlasm constant.numeric.hlasm
#                            ^ source.hlasm
#                             ^ source.hlasm punctuation.definition.tag.hlasm
#                              ^ source.hlasm
>         INSTR OP1,=ARR(1234-2)(something                              X
#^^^^^^^^^ source.hlasm
#         ^^^^^ source.hlasm entity.name.function.hlasm
#              ^ source.hlasm
#               ^^^ source.hlasm punctuation.definition.tag.hlasm
#                  ^^ source.hlasm
#                    ^^^ source.hlasm punctuation.definition.tag.hlasm
#                       ^ source.hlasm
#                        ^^^^ source.hlasm punctuation.definition.tag.hlasm constant.numeric.hlasm
#                            ^ source.hlasm
#                             ^ source.hlasm punctuation.definition.tag.hlasm
#                              ^ source.hlasm
#                               ^ source.hlasm
#                                ^^^^^^^^^ source.hlasm punctuation.definition.tag.hlasm
#                                         ^^^^^^^^^^^^^^^^^^^^^^^^^^^^^^ source.hlasm
#                                                                       ^ source.hlasm keyword.other.hlasm
>               something) REMARK
#^^^^^^^^^^^^^^^ source.hlasm
#               ^^^^^^^^^ source.hlasm punctuation.definition.tag.hlasm
#                        ^ source.hlasm
#                         ^ source.hlasm
#                          ^^^^^^ source.hlasm comment.hlasm
>         INSTR SYMBOL+12(34),=C'&&&&'
#^^^^^^^^^ source.hlasm
#         ^^^^^ source.hlasm entity.name.function.hlasm
#              ^ source.hlasm
#               ^^^^^^ source.hlasm punctuation.definition.tag.hlasm
#                     ^ source.hlasm
#                      ^^ source.hlasm punctuation.definition.tag.hlasm constant.numeric.hlasm
#                        ^ source.hlasm
#                         ^^ source.hlasm punctuation.definition.tag.hlasm constant.numeric.hlasm
#                           ^ source.hlasm
#                            ^^ source.hlasm
#                              ^ source.hlasm punctuation.definition.tag.hlasm punctuation.definition.tag.hlasm
#                               ^ source.hlasm string.hlasm
#                                ^^^^ source.hlasm string.hlasm
#                                    ^ source.hlasm string.hlasm
>
>
>         AIF   (&@VAR1 EQ 1).seq                                          
#^^^^^^^^^ source.hlasm
#         ^^^ source.hlasm entity.name.function.hlasm
#            ^^^ source.hlasm
#               ^ source.hlasm
#                ^^^^^^ source.hlasm punctuation.definition.tag.hlasm variable.other.readwrite.hlasm
#                      ^ source.hlasm
#                       ^^ source.hlasm punctuation.definition.tag.hlasm
#                         ^ source.hlasm
#                          ^ source.hlasm punctuation.definition.tag.hlasm constant.numeric.hlasm
#                           ^ source.hlasm
#                            ^^^^ source.hlasm keyword.control.hlasm
#                                ^^^^^^^^^^^^^^^^^^^^^^^^^^^^^^^^^^^^^^^^^^ source.hlasm
>         AIF   ('&VAR' EQ 'N').seq                                              
#^^^^^^^^^ source.hlasm
#         ^^^ source.hlasm entity.name.function.hlasm
#            ^^^ source.hlasm
#               ^ source.hlasm
#                ^ source.hlasm string.hlasm
#                 ^^^^ source.hlasm variable.other.readwrite.hlasm
#                     ^ source.hlasm string.hlasm
#                      ^ source.hlasm
#                       ^^ source.hlasm punctuation.definition.tag.hlasm
#                         ^ source.hlasm
#                          ^ source.hlasm string.hlasm
#                           ^^ source.hlasm string.hlasm
#                             ^ source.hlasm
#                              ^^^^ source.hlasm keyword.control.hlasm
#                                  ^^^^^^^^^^^^^^^^^^^^^^^^^^^^^^^^^^^^^^^^^^^^^^ source.hlasm
>         AIF   ('&VAR1' EQ 'YES    '(1,K'&VAR2)).seq                           
#^^^^^^^^^ source.hlasm
#         ^^^ source.hlasm entity.name.function.hlasm
#            ^^^ source.hlasm
#               ^ source.hlasm
#                ^ source.hlasm string.hlasm
#                 ^^^^^ source.hlasm variable.other.readwrite.hlasm
#                      ^ source.hlasm string.hlasm
#                       ^ source.hlasm
#                        ^^ source.hlasm punctuation.definition.tag.hlasm
#                          ^ source.hlasm
#                           ^ source.hlasm string.hlasm
#                            ^^^^^^^^ source.hlasm string.hlasm
#                                    ^ source.hlasm
#                                     ^ source.hlasm punctuation.definition.tag.hlasm constant.numeric.hlasm
#                                      ^ source.hlasm keyword.control.hlasm keyword.operator.hlasm
#                                       ^ source.hlasm entity.name.function.preprocessor.hlasm
#                                        ^ source.hlasm
#                                         ^^^^^ source.hlasm punctuation.definition.tag.hlasm variable.other.readwrite.hlasm
#                                              ^ source.hlasm
#                                               ^ source.hlasm
#                                                ^^^^ source.hlasm keyword.control.hlasm
#                                                    ^^^^^^^^^^^^^^^^^^^^^^^^^^^ source.hlasm
>         AIF   ('&VAR'(1,1) EQ '&&').seq                                12345678
#^^^^^^^^^ source.hlasm
#         ^^^ source.hlasm entity.name.function.hlasm
#            ^^^ source.hlasm
#               ^ source.hlasm
#                ^ source.hlasm string.hlasm
#                 ^^^^ source.hlasm variable.other.readwrite.hlasm
#                     ^ source.hlasm string.hlasm
#                      ^ source.hlasm
#                       ^ source.hlasm punctuation.definition.tag.hlasm constant.numeric.hlasm
#                        ^ source.hlasm
#                         ^ source.hlasm punctuation.definition.tag.hlasm constant.numeric.hlasm
#                          ^ source.hlasm
#                           ^ source.hlasm
#                            ^^ source.hlasm punctuation.definition.tag.hlasm
#                              ^ source.hlasm
#                               ^ source.hlasm string.hlasm
#                                ^^ source.hlasm string.hlasm
#                                  ^ source.hlasm string.hlasm
#                                   ^ source.hlasm
#                                    ^^^^ source.hlasm keyword.control.hlasm
#                                        ^^^^^^^^^^^^^^^^^^^^^^^^^^^^^^^^ source.hlasm
#                                                                        ^^^^^^^^ source.hlasm invalid.ignored
>         AIF   ( NOT ( (('A' LE '&VAR') AND ('&VAR' LE 'B'))  OR       X        
#^^^^^^^^^ source.hlasm
#         ^^^ source.hlasm entity.name.function.hlasm
#            ^^^ source.hlasm
#               ^^ source.hlasm
#                 ^^^ source.hlasm punctuation.definition.tag.hlasm
#                    ^ source.hlasm
#                     ^^ source.hlasm
#                       ^ source.hlasm
#                        ^ source.hlasm
#                         ^ source.hlasm string.hlasm
#                          ^^ source.hlasm string.hlasm
#                            ^ source.hlasm
#                             ^^ source.hlasm punctuation.definition.tag.hlasm
#                               ^ source.hlasm
#                                ^ source.hlasm string.hlasm
#                                 ^^^^ source.hlasm variable.other.readwrite.hlasm
#                                     ^ source.hlasm string.hlasm
#                                      ^ source.hlasm
#                                       ^ source.hlasm
#                                        ^^^ source.hlasm punctuation.definition.tag.hlasm
#                                           ^ source.hlasm
#                                            ^ source.hlasm
#                                             ^ source.hlasm string.hlasm
#                                              ^^^^ source.hlasm variable.other.readwrite.hlasm
#                                                  ^ source.hlasm string.hlasm
#                                                   ^ source.hlasm
#                                                    ^^ source.hlasm punctuation.definition.tag.hlasm
#                                                      ^ source.hlasm
#                                                       ^ source.hlasm string.hlasm
#                                                        ^^ source.hlasm string.hlasm
#                                                          ^ source.hlasm
#                                                           ^ source.hlasm
#                                                            ^^ source.hlasm
#                                                              ^^ source.hlasm punctuation.definition.tag.hlasm
#                                                                ^^^^^^^ source.hlasm
#                                                                       ^ source.hlasm keyword.other.hlasm
#                                                                        ^^^^^^^^^ source.hlasm
>(('C' LE '&VAR') AND ('&VAR' LE 'D'))  REMARK                          X12345678
#^^^^^^^^^^^^^^^ source.hlasm invalid.illegal
#               ^ source.hlasm
#                ^ source.hlasm
#                 ^^^ source.hlasm punctuation.definition.tag.hlasm
#                    ^ source.hlasm
#                     ^ source.hlasm
#                      ^ source.hlasm string.hlasm
#                       ^^^^ source.hlasm variable.other.readwrite.hlasm
#                           ^ source.hlasm string.hlasm
#                            ^ source.hlasm
#                             ^^ source.hlasm punctuation.definition.tag.hlasm
#                               ^ source.hlasm
#                                ^ source.hlasm string.hlasm
#                                 ^^ source.hlasm string.hlasm
#                                   ^ source.hlasm
#                                    ^ source.hlasm
#                                     ^^ source.hlasm
#                                       ^^^^^^ source.hlasm comment.hlasm
#                                             ^^^^^^^^^^^^^^^^^^^^^^^^^^ source.hlasm
#                                                                       ^ source.hlasm keyword.other.hlasm
#                                                                        ^^^^^^^^ source.hlasm invalid.ignored
>
>&(__V@R_V&R.#) SETA &VAR
#^^^^^^^^^^^^^^ source.hlasm variable.other.readwrite.hlasm
#              ^ source.hlasm
#               ^^^^ source.hlasm entity.name.function.hlasm
#                   ^ source.hlasm
#                    ^^^^ source.hlasm punctuation.definition.tag.hlasm variable.other.readwrite.hlasm
>&(__V@R_V&R.#)(&VAR) SETC '&VAR'
#^^^^^^^^^^^^^^ source.hlasm variable.other.readwrite.hlasm
#              ^ source.hlasm keyword.operator.hlasm
#               ^^^^ source.hlasm variable.other.readwrite.hlasm
#                   ^ source.hlasm keyword.operator.hlasm
#                    ^ source.hlasm
#                     ^^^^ source.hlasm entity.name.function.hlasm
#                         ^ source.hlasm
#                          ^ source.hlasm string.hlasm
#                           ^^^^ source.hlasm variable.other.readwrite.hlasm
#                               ^ source.hlasm string.hlasm
>LABEL    INSTR   OP THIS LINE SHOULD NOT BE AFFECTED
#^^^^^ source.hlasm support.class.hlasm
#     ^^^^ source.hlasm
#         ^^^^^ source.hlasm entity.name.function.hlasm
#              ^^^ source.hlasm
#                 ^^ source.hlasm punctuation.definition.tag.hlasm
#                   ^ source.hlasm
#                    ^^^^ source.hlasm comment.hlasm
#                        ^ source.hlasm
#                         ^^^^ source.hlasm comment.hlasm
#                             ^ source.hlasm
#                              ^^^^^^ source.hlasm comment.hlasm
#                                    ^ source.hlasm
#                                     ^^^ source.hlasm comment.hlasm
#                                        ^ source.hlasm
#                                         ^^ source.hlasm comment.hlasm
#                                           ^ source.hlasm
#                                            ^^^^^^^^ source.hlasm comment.hlasm
>
>&(__V@R_V&R.#)(&VAR) SETC '&VAR
#^^^^^^^^^^^^^^ source.hlasm variable.other.readwrite.hlasm
#              ^ source.hlasm keyword.operator.hlasm
#               ^^^^ source.hlasm variable.other.readwrite.hlasm
#                   ^ source.hlasm keyword.operator.hlasm
#                    ^ source.hlasm
#                     ^^^^ source.hlasm entity.name.function.hlasm
#                         ^ source.hlasm
#                          ^ source.hlasm string.hlasm
#                           ^^^^ source.hlasm variable.other.readwrite.hlasm
>LABEL    INSTR   OP THIS LINE SHOULD NOT BE AFFECTED
#^^^^^ source.hlasm support.class.hlasm
#     ^^^^ source.hlasm
#         ^^^^^ source.hlasm entity.name.function.hlasm
#              ^^^ source.hlasm
#                 ^^ source.hlasm punctuation.definition.tag.hlasm
#                   ^ source.hlasm
#                    ^^^^ source.hlasm comment.hlasm
#                        ^ source.hlasm
#                         ^^^^ source.hlasm comment.hlasm
#                             ^ source.hlasm
#                              ^^^^^^ source.hlasm comment.hlasm
#                                    ^ source.hlasm
#                                     ^^^ source.hlasm comment.hlasm
#                                        ^ source.hlasm
#                                         ^^ source.hlasm comment.hlasm
#                                           ^ source.hlasm
#                                            ^^^^^^^^ source.hlasm comment.hlasm
>