>&VAR1    INSTR 'A'
#^^^^^ source.hlasm support.class.hlasm variable.other.readwrite.hlasm
#     ^^^^ source.hlasm
#         ^^^^^ source.hlasm entity.name.function.hlasm
#              ^ source.hlasm
#               ^ source.hlasm string.hlasm
#                ^^ source.hlasm string.hlasm
>&VAR2    INSTR '1'
#^^^^^ source.hlasm support.class.hlasm variable.other.readwrite.hlasm
#     ^^^^ source.hlasm
#         ^^^^^ source.hlasm entity.name.function.hlasm
#              ^ source.hlasm
#               ^ source.hlasm string.hlasm
#                ^^ source.hlasm string.hlasm
>LABEL    INSTR OP THIS LINE SHOULD NOT BE AFFECTED
#^^^^^ source.hlasm support.class.hlasm
#     ^^^^ source.hlasm
#         ^^^^^ source.hlasm entity.name.function.hlasm
#              ^ source.hlasm
#               ^^ source.hlasm punctuation.definition.tag.hlasm
#                 ^ source.hlasm
#                  ^^^^^^^^^^^^^^^^^^^^^^^^^^^^^^^^ source.hlasm comment.hlasm
>
>         INSTR  'A'.'AT'&VAR                                 XXXXXXXXXX-xxxxxxxxA
#^^^^^^^^^ source.hlasm
#         ^^^^^ source.hlasm entity.name.function.hlasm
#              ^^ source.hlasm
#                ^ source.hlasm string.hlasm
#                 ^^ source.hlasm string.hlasm
#                   ^ source.hlasm punctuation.definition.tag.hlasm keyword.operator.hlasm
#                    ^ source.hlasm string.hlasm
#                     ^^^ source.hlasm string.hlasm
#                        ^^^^ source.hlasm punctuation.definition.tag.hlasm variable.other.readwrite.hlasm
#                            ^^^^^^^^^^^^^^^^^^^^^^^^^^^^^^^^^ source.hlasm
#                                                             ^^^^^^^^^^ source.hlasm comment.hlasm
#                                                                       ^ source.hlasm keyword.other.hlasm
#                                                                        ^^^^^^^^^ source.hlasm invalid.ignored
>
>         INSTR  T'&VAR                                    XXXXXXXXXXXXX-xxxxxxxxAA
#^^^^^^^^^ source.hlasm
#         ^^^^^ source.hlasm entity.name.function.hlasm
#              ^^ source.hlasm
#                ^ source.hlasm entity.name.function.preprocessor.hlasm
#                 ^ source.hlasm
#                  ^^^^ source.hlasm punctuation.definition.tag.hlasm variable.other.readwrite.hlasm
#                      ^^^^^^^^^^^^^^^^^^^^^^^^^^^^^^^^^^^^ source.hlasm
#                                                          ^^^^^^^^^^^^^ source.hlasm comment.hlasm
#                                                                       ^ source.hlasm keyword.other.hlasm
#                                                                        ^^^^^^^^^^ source.hlasm invalid.ignored
>INVALID LINE
#^^^^^^^^^^^^ source.hlasm invalid.illegal
>         INSTR  T'&VAR                                    XXXXXXXXXXXXX-xxxxxxxxAA
#^^^^^^^^^ source.hlasm
#         ^^^^^ source.hlasm entity.name.function.hlasm
#              ^^ source.hlasm
#                ^ source.hlasm entity.name.function.preprocessor.hlasm
#                 ^ source.hlasm
#                  ^^^^ source.hlasm punctuation.definition.tag.hlasm variable.other.readwrite.hlasm
#                      ^^^^^^^^^^^^^^^^^^^^^^^^^^^^^^^^^^^^ source.hlasm
#                                                          ^^^^^^^^^^^^^ source.hlasm comment.hlasm
#                                                                       ^ source.hlasm keyword.other.hlasm
#                                                                        ^^^^^^^^^^ source.hlasm invalid.ignored
>               REMARK
#^^^^^^^^^^^^^^^ source.hlasm
#               ^^^^^^ source.hlasm comment.hlasm
>         INSTR  T'&VAR                                                 -xxxxxxxxAA
#^^^^^^^^^ source.hlasm
#         ^^^^^ source.hlasm entity.name.function.hlasm
#              ^^ source.hlasm
#                ^ source.hlasm entity.name.function.preprocessor.hlasm
#                 ^ source.hlasm
#                  ^^^^ source.hlasm punctuation.definition.tag.hlasm variable.other.readwrite.hlasm
#                      ^^^^^^^^^^^^^^^^^^^^^^^^^^^^^^^^^^^^^^^^^^^^^^^^^ source.hlasm
#                                                                       ^ source.hlasm keyword.other.hlasm
#                                                                        ^^^^^^^^^^ source.hlasm invalid.ignored
>               REMARK
#^^^^^^^^^^^^^^^ source.hlasm
#               ^^^^^^ source.hlasm comment.hlasm
>         INSTR  T'&VAR                                                  
#^^^^^^^^^ source.hlasm
#         ^^^^^ source.hlasm entity.name.function.hlasm
#              ^^ source.hlasm
#                ^ source.hlasm entity.name.function.preprocessor.hlasm
#                 ^ source.hlasm
#                  ^^^^ source.hlasm punctuation.definition.tag.hlasm variable.other.readwrite.hlasm
#                      ^^^^^^^^^^^^^^^^^^^^^^^^^^^^^^^^^^^^^^^^^^^^^^^^^^ source.hlasm
>         INSTR SYMBOL1=12+L'SYMBOL2                                             
#^^^^^^^^^ source.hlasm
#         ^^^^^ source.hlasm entity.name.function.hlasm
#              ^ source.hlasm
#               ^^^^^^^ source.hlasm punctuation.definition.tag.hlasm
#                      ^ source.hlasm
#                       ^^ source.hlasm punctuation.definition.tag.hlasm constant.numeric.hlasm
#                         ^ source.hlasm keyword.control.hlasm keyword.operator.hlasm
#                          ^ source.hlasm entity.name.function.preprocessor.hlasm
#                           ^ source.hlasm
#                            ^^^^^^^ source.hlasm punctuation.definition.tag.hlasm
#                                   ^^^^^^^^^^^^^^^^^^^^^^^^^^^^^^^^^^^^^ source.hlasm
#                                                                        ^^^^^^^^ source.hlasm invalid.ignored
>LABEL    INSTR OP THIS LINE SHOULD NOT BE AFFECTED
#^^^^^ source.hlasm support.class.hlasm
#     ^^^^ source.hlasm
#         ^^^^^ source.hlasm entity.name.function.hlasm
#              ^ source.hlasm
#               ^^ source.hlasm punctuation.definition.tag.hlasm
#                 ^ source.hlasm
#                  ^^^^^^^^^^^^^^^^^^^^^^^^^^^^^^^^ source.hlasm comment.hlasm
>
>
>LABEL    INSTR ,,'STRING'
#^^^^^ source.hlasm support.class.hlasm
#     ^^^^ source.hlasm
#         ^^^^^ source.hlasm entity.name.function.hlasm
#              ^ source.hlasm
#               ^^ source.hlasm
#                 ^ source.hlasm string.hlasm
#                  ^^^^^^^ source.hlasm string.hlasm
>LABEL    INSTR OP THIS LINE SHOULD NOT BE AFFECTED
#^^^^^ source.hlasm support.class.hlasm
#     ^^^^ source.hlasm
#         ^^^^^ source.hlasm entity.name.function.hlasm
#              ^ source.hlasm
#               ^^ source.hlasm punctuation.definition.tag.hlasm
#                 ^ source.hlasm
#                  ^^^^^^^^^^^^^^^^^^^^^^^^^^^^^^^^ source.hlasm comment.hlasm
>
>LABEL    INSTR 4,'Just  a  random  string:   word 256 (&LBL DSECT), &&V-        
#^^^^^ source.hlasm support.class.hlasm
#     ^^^^ source.hlasm
#         ^^^^^ source.hlasm entity.name.function.hlasm
#              ^ source.hlasm
#               ^ source.hlasm punctuation.definition.tag.hlasm constant.numeric.hlasm
#                ^ source.hlasm
#                 ^ source.hlasm string.hlasm
#                  ^^^^^^^^^^^^^^^^^^^^^^^^^^^^^^^^^^^^^ source.hlasm string.hlasm
#                                                       ^^^^ source.hlasm variable.other.readwrite.hlasm
#                                                           ^^^^^^^^^ source.hlasm string.hlasm
#                                                                    ^^ source.hlasm string.hlasm
#                                                                      ^ source.hlasm string.hlasm
#                                                                       ^ source.hlasm keyword.other.hlasm
#                                                                        ^^^^^^^^ source.hlasm invalid.ignored
>               ARIABLE word true false YES NO       '                           
#^^^^^^^^^^^^^^^ source.hlasm
#               ^^^^^^^^^^^^^^^^^^^^^^^^^^^^^^^^^^^^^^ source.hlasm string.hlasm
#                                                     ^^^^^^^^^^^^^^^^^^^ source.hlasm
#                                                                        ^^^^^^^^ source.hlasm invalid.ignored
>LABEL    INSTR 4,'Just  a  random  string:   word 256 (&LBL DSECT), &&V-12345678
#^^^^^ source.hlasm support.class.hlasm
#     ^^^^ source.hlasm
#         ^^^^^ source.hlasm entity.name.function.hlasm
#              ^ source.hlasm
#               ^ source.hlasm punctuation.definition.tag.hlasm constant.numeric.hlasm
#                ^ source.hlasm
#                 ^ source.hlasm string.hlasm
#                  ^^^^^^^^^^^^^^^^^^^^^^^^^^^^^^^^^^^^^ source.hlasm string.hlasm
#                                                       ^^^^ source.hlasm variable.other.readwrite.hlasm
#                                                           ^^^^^^^^^ source.hlasm string.hlasm
#                                                                    ^^ source.hlasm string.hlasm
#                                                                      ^ source.hlasm string.hlasm
#                                                                       ^ source.hlasm keyword.other.hlasm
#                                                                        ^^^^^^^^ source.hlasm invalid.ignored
>               ARIABLE word true false YES NO        ,STRING            12345678
#^^^^^^^^^^^^^^^ source.hlasm
#               ^^^^^^^^^^^^^^^^^^^^^^^^^^^^^^^^^^^^^^^^^^^^^^^^^^^^^^^^ source.hlasm string.hlasm
#                                                                       ^ source.hlasm
#                                                                        ^^^^^^^^ source.hlasm invalid.ignored
>LABEL    INSTR 4,'Just  a  random  string:   word 256 (&LBL DSECT), &&V-12345678
#^^^^^ source.hlasm support.class.hlasm
#     ^^^^ source.hlasm
#         ^^^^^ source.hlasm entity.name.function.hlasm
#              ^ source.hlasm
#               ^ source.hlasm punctuation.definition.tag.hlasm constant.numeric.hlasm
#                ^ source.hlasm
#                 ^ source.hlasm string.hlasm
#                  ^^^^^^^^^^^^^^^^^^^^^^^^^^^^^^^^^^^^^ source.hlasm string.hlasm
#                                                       ^^^^ source.hlasm variable.other.readwrite.hlasm
#                                                           ^^^^^^^^^ source.hlasm string.hlasm
#                                                                    ^^ source.hlasm string.hlasm
#                                                                      ^ source.hlasm string.hlasm
#                                                                       ^ source.hlasm keyword.other.hlasm
#                                                                        ^^^^^^^^ source.hlasm invalid.ignored
>               ARIABLE word true false YES NO       ' REMARK            12345678
#^^^^^^^^^^^^^^^ source.hlasm
#               ^^^^^^^^^^^^^^^^^^^^^^^^^^^^^^^^^^^^^^ source.hlasm string.hlasm
#                                                     ^ source.hlasm
#                                                      ^^^^^^^^^^^^^^^^^ source.hlasm comment.hlasm
#                                                                       ^ source.hlasm
#                                                                        ^^^^^^^^ source.hlasm invalid.ignored
>LABEL    INSTR 4,'Just  a  random  string:   word 256 (&LBL DSECT), &&V-12345678
#^^^^^ source.hlasm support.class.hlasm
#     ^^^^ source.hlasm
#         ^^^^^ source.hlasm entity.name.function.hlasm
#              ^ source.hlasm
#               ^ source.hlasm punctuation.definition.tag.hlasm constant.numeric.hlasm
#                ^ source.hlasm
#                 ^ source.hlasm string.hlasm
#                  ^^^^^^^^^^^^^^^^^^^^^^^^^^^^^^^^^^^^^ source.hlasm string.hlasm
#                                                       ^^^^ source.hlasm variable.other.readwrite.hlasm
#                                                           ^^^^^^^^^ source.hlasm string.hlasm
#                                                                    ^^ source.hlasm string.hlasm
#                                                                      ^ source.hlasm string.hlasm
#                                                                       ^ source.hlasm keyword.other.hlasm
#                                                                        ^^^^^^^^ source.hlasm invalid.ignored
>               ARIABLE word true false YES NO       ',OPERAND           12345678
#^^^^^^^^^^^^^^^ source.hlasm
#               ^^^^^^^^^^^^^^^^^^^^^^^^^^^^^^^^^^^^^^ source.hlasm string.hlasm
#                                                     ^ source.hlasm
#                                                      ^^^^^^^ source.hlasm punctuation.definition.tag.hlasm
#                                                             ^^^^^^^^^^^ source.hlasm
#                                                                        ^^^^^^^^ source.hlasm invalid.ignored
>LABEL    INSTR 4,'Just  a  random  string:   word 256 (&LBL DSECT), &&V-12345678
#^^^^^ source.hlasm support.class.hlasm
#     ^^^^ source.hlasm
#         ^^^^^ source.hlasm entity.name.function.hlasm
#              ^ source.hlasm
#               ^ source.hlasm punctuation.definition.tag.hlasm constant.numeric.hlasm
#                ^ source.hlasm
#                 ^ source.hlasm string.hlasm
#                  ^^^^^^^^^^^^^^^^^^^^^^^^^^^^^^^^^^^^^ source.hlasm string.hlasm
#                                                       ^^^^ source.hlasm variable.other.readwrite.hlasm
#                                                           ^^^^^^^^^ source.hlasm string.hlasm
#                                                                    ^^ source.hlasm string.hlasm
#                                                                      ^ source.hlasm string.hlasm
#                                                                       ^ source.hlasm keyword.other.hlasm
#                                                                        ^^^^^^^^ source.hlasm invalid.ignored
>               ARIABLE word true false YES NO       ',OPERAND_OPERAND_O-12345678
#^^^^^^^^^^^^^^^ source.hlasm
#               ^^^^^^^^^^^^^^^^^^^^^^^^^^^^^^^^^^^^^^ source.hlasm string.hlasm
#                                                     ^ source.hlasm
#                                                      ^^^^^^^^^^^^^^^^^ source.hlasm punctuation.definition.tag.hlasm
#                                                                       ^ source.hlasm keyword.other.hlasm
#                                                                        ^^^^^^^^ source.hlasm invalid.ignored
>               PERAND,OPERAND
#^^^^^^^^^^^^^^^ source.hlasm
#               ^^^^^^ source.hlasm punctuation.definition.tag.hlasm
#                     ^ source.hlasm
#                      ^^^^^^^ source.hlasm punctuation.definition.tag.hlasm
>LABEL    INSTR 4,'Just  a  random  string:   word 256 (&LBL DSECT), &&V-12345678
#^^^^^ source.hlasm support.class.hlasm
#     ^^^^ source.hlasm
#         ^^^^^ source.hlasm entity.name.function.hlasm
#              ^ source.hlasm
#               ^ source.hlasm punctuation.definition.tag.hlasm constant.numeric.hlasm
#                ^ source.hlasm
#                 ^ source.hlasm string.hlasm
#                  ^^^^^^^^^^^^^^^^^^^^^^^^^^^^^^^^^^^^^ source.hlasm string.hlasm
#                                                       ^^^^ source.hlasm variable.other.readwrite.hlasm
#                                                           ^^^^^^^^^ source.hlasm string.hlasm
#                                                                    ^^ source.hlasm string.hlasm
#                                                                      ^ source.hlasm string.hlasm
#                                                                       ^ source.hlasm keyword.other.hlasm
#                                                                        ^^^^^^^^ source.hlasm invalid.ignored
>               ARIABLE word true false YES NO       ',OPERAND_OPERAND_ -12345678
#^^^^^^^^^^^^^^^ source.hlasm
#               ^^^^^^^^^^^^^^^^^^^^^^^^^^^^^^^^^^^^^^ source.hlasm string.hlasm
#                                                     ^ source.hlasm
#                                                      ^^^^^^^^^^^^^^^^ source.hlasm punctuation.definition.tag.hlasm
#                                                                      ^ source.hlasm
#                                                                       ^ source.hlasm keyword.other.hlasm
#                                                                        ^^^^^^^^ source.hlasm invalid.ignored
>               REMARK,REMARK REMARK
#^^^^^^^^^^^^^^^ source.hlasm
#               ^^^^^^^^^^^^^^^^^^^^ source.hlasm comment.hlasm
>LABEL    INSTR 4,'Just  a  random  string:   word 256 (&LBL DSECT), &&V-12345678
#^^^^^ source.hlasm support.class.hlasm
#     ^^^^ source.hlasm
#         ^^^^^ source.hlasm entity.name.function.hlasm
#              ^ source.hlasm
#               ^ source.hlasm punctuation.definition.tag.hlasm constant.numeric.hlasm
#                ^ source.hlasm
#                 ^ source.hlasm string.hlasm
#                  ^^^^^^^^^^^^^^^^^^^^^^^^^^^^^^^^^^^^^ source.hlasm string.hlasm
#                                                       ^^^^ source.hlasm variable.other.readwrite.hlasm
#                                                           ^^^^^^^^^ source.hlasm string.hlasm
#                                                                    ^^ source.hlasm string.hlasm
#                                                                      ^ source.hlasm string.hlasm
#                                                                       ^ source.hlasm keyword.other.hlasm
#                                                                        ^^^^^^^^ source.hlasm invalid.ignored
>               ARIABLE word true false YES NO       ',OPERAND_OPERAND_  12345678
#^^^^^^^^^^^^^^^ source.hlasm
#               ^^^^^^^^^^^^^^^^^^^^^^^^^^^^^^^^^^^^^^ source.hlasm string.hlasm
#                                                     ^ source.hlasm
#                                                      ^^^^^^^^^^^^^^^^ source.hlasm punctuation.definition.tag.hlasm
#                                                                      ^^ source.hlasm
#                                                                        ^^^^^^^^ source.hlasm invalid.ignored
>    INSTR,INSTR'
#^^^^ source.hlasm
#    ^^^^^^^^^^^^ source.hlasm entity.name.function.hlasm
>LABEL    INSTR                                                         -
#^^^^^ source.hlasm support.class.hlasm
#     ^^^^ source.hlasm
#         ^^^^^ source.hlasm entity.name.function.hlasm
#              ^^^^^^^^^^^^^^^^^^^^^^^^^^^^^^^^^^^^^^^^^^^^^^^^^^^^^^^^^ source.hlasm
#                                                                       ^ source.hlasm keyword.other.hlasm
>               4,'Just  a  random  string:   word 256 (&LBL DSECT), &&V-12345678
#^^^^^^^^^^^^^^^ source.hlasm
#               ^ source.hlasm punctuation.definition.tag.hlasm constant.numeric.hlasm
#                ^ source.hlasm
#                 ^ source.hlasm string.hlasm
#                  ^^^^^^^^^^^^^^^^^^^^^^^^^^^^^^^^^^^^^ source.hlasm string.hlasm
#                                                       ^^^^ source.hlasm variable.other.readwrite.hlasm
#                                                           ^^^^^^^^^ source.hlasm string.hlasm
#                                                                    ^^ source.hlasm string.hlasm
#                                                                      ^ source.hlasm string.hlasm
#                                                                       ^ source.hlasm keyword.other.hlasm
#                                                                        ^^^^^^^^ source.hlasm invalid.ignored
>             ARIABLE word true false YES NO       ',OPERAND_OPERAND_ RR-123456
#^^^^^^^^^^^^^ source.hlasm
#             ^^ source.hlasm invalid.illegal
#               ^^^^^^^^^^^^^^^^^^^^^^^^^^^^^^^^^^^^ source.hlasm string.hlasm
#                                                   ^ source.hlasm
#                                                    ^^^^^^^^^^^^^^^^ source.hlasm punctuation.definition.tag.hlasm
#                                                                    ^ source.hlasm
#                                                                     ^^ source.hlasm comment.hlasm
#                                                                       ^ source.hlasm keyword.other.hlasm
#                                                                        ^^^^^^ source.hlasm invalid.ignored
>               REMARK REMARK
#^^^^^^^^^^^^^^^ source.hlasm
#               ^^^^^^^^^^^^^ source.hlasm comment.hlasm
>LABEL    INSTR 4,                                                      -12345678
#^^^^^ source.hlasm support.class.hlasm
#     ^^^^ source.hlasm
#         ^^^^^ source.hlasm entity.name.function.hlasm
#              ^ source.hlasm
#               ^ source.hlasm punctuation.definition.tag.hlasm constant.numeric.hlasm
#                ^ source.hlasm
#                 ^ source.hlasm
#                  ^^^^^^^^^^^^^^^^^^^^^^^^^^^^^^^^^^^^^^^^^^^^^^^^^^^^^ source.hlasm
#                                                                       ^ source.hlasm keyword.other.hlasm
#                                                                        ^^^^^^^^ source.hlasm invalid.ignored
>               '  Just  a  random  string:   word 256 (&LBL DSECT), &&V-12345678
#^^^^^^^^^^^^^^^ source.hlasm
#               ^ source.hlasm string.hlasm
#                ^^^^^^^^^^^^^^^^^^^^^^^^^^^^^^^^^^^^^^^ source.hlasm string.hlasm
#                                                       ^^^^ source.hlasm variable.other.readwrite.hlasm
#                                                           ^^^^^^^^^ source.hlasm string.hlasm
#                                                                    ^^ source.hlasm string.hlasm
#                                                                      ^ source.hlasm string.hlasm
#                                                                       ^ source.hlasm keyword.other.hlasm
#                                                                        ^^^^^^^^ source.hlasm invalid.ignored
>            ARIABLE word true false YES NO       ',OPERAND_OPERAND_,   -12345678
#^^^^^^^^^^^^ source.hlasm
#            ^^^ source.hlasm invalid.illegal
#               ^^^^^^^^^^^^^^^^^^^^^^^^^^^^^^^^^^^ source.hlasm string.hlasm
#                                                  ^ source.hlasm
#                                                   ^^^^^^^^^^^^^^^^ source.hlasm punctuation.definition.tag.hlasm
#                                                                   ^ source.hlasm
#                                                                    ^ source.hlasm
#                                                                     ^^ source.hlasm
#                                                                       ^ source.hlasm keyword.other.hlasm
#                                                                        ^^^^^^^^ source.hlasm invalid.ignored
>               OPERAND REMARK
#^^^^^^^^^^^^^^^ source.hlasm
#               ^^^^^^^ source.hlasm punctuation.definition.tag.hlasm
#                      ^ source.hlasm
#                       ^^^^^^ source.hlasm comment.hlasm
>LABEL    INSTR 4,                                                      -12345678
#^^^^^ source.hlasm support.class.hlasm
#     ^^^^ source.hlasm
#         ^^^^^ source.hlasm entity.name.function.hlasm
#              ^ source.hlasm
#               ^ source.hlasm punctuation.definition.tag.hlasm constant.numeric.hlasm
#                ^ source.hlasm
#                 ^ source.hlasm
#                  ^^^^^^^^^^^^^^^^^^^^^^^^^^^^^^^^^^^^^^^^^^^^^^^^^^^^^ source.hlasm
#                                                                       ^ source.hlasm keyword.other.hlasm
#                                                                        ^^^^^^^^ source.hlasm invalid.ignored
>               '  Just  a  random  string:   word 256 (&LBL DSECT), &&V-12345678
#^^^^^^^^^^^^^^^ source.hlasm
#               ^ source.hlasm string.hlasm
#                ^^^^^^^^^^^^^^^^^^^^^^^^^^^^^^^^^^^^^^^ source.hlasm string.hlasm
#                                                       ^^^^ source.hlasm variable.other.readwrite.hlasm
#                                                           ^^^^^^^^^ source.hlasm string.hlasm
#                                                                    ^^ source.hlasm string.hlasm
#                                                                      ^ source.hlasm string.hlasm
#                                                                       ^ source.hlasm keyword.other.hlasm
#                                                                        ^^^^^^^^ source.hlasm invalid.ignored
>          IVLD  a  random  string:   word 256 (&LBL DSECT), &&V        -12345678
#^^^^^^^^^^ source.hlasm
#          ^^^^ source.hlasm invalid.illegal
#              ^ source.hlasm
#               ^^^^^^^^^^^^^^^^^^^^^^^^^^^^^^^^ source.hlasm string.hlasm
#                                               ^^^^ source.hlasm variable.other.readwrite.hlasm
#                                                   ^^^^^^^^^ source.hlasm string.hlasm
#                                                            ^^ source.hlasm string.hlasm
#                                                              ^^^^^^^^^ source.hlasm string.hlasm
#                                                                       ^ source.hlasm keyword.other.hlasm
#                                                                        ^^^^^^^^ source.hlasm invalid.ignored
>               ARIABLE word true false YES NO       ',OPERAND_OPERAND_,-12345678
#^^^^^^^^^^^^^^^ source.hlasm
#               ^^^^^^^^^^^^^^^^^^^^^^^^^^^^^^^^^^^^^^ source.hlasm string.hlasm
#                                                     ^ source.hlasm
#                                                      ^^^^^^^^^^^^^^^^ source.hlasm punctuation.definition.tag.hlasm
#                                                                      ^ source.hlasm
#                                                                       ^ source.hlasm keyword.other.hlasm
#                                                                        ^^^^^^^^ source.hlasm invalid.ignored
>               OPERAND REMARK
#^^^^^^^^^^^^^^^ source.hlasm
#               ^^^^^^^ source.hlasm punctuation.definition.tag.hlasm
#                      ^ source.hlasm
#                       ^^^^^^ source.hlasm comment.hlasm
>LABEL    INSTR OP THIS LINE SHOULD NOT BE AFFECTED
#^^^^^ source.hlasm support.class.hlasm
#     ^^^^ source.hlasm
#         ^^^^^ source.hlasm entity.name.function.hlasm
#              ^ source.hlasm
#               ^^ source.hlasm punctuation.definition.tag.hlasm
#                 ^ source.hlasm
#                  ^^^^^^^^^^^^^^^^^^^^^^^^^^^^^^^^ source.hlasm comment.hlasm
>
>
>         AINSERT '&&__V@R SETA &VAR',BACK                                    
#^^^^^^^^^ source.hlasm
#         ^^^^^^^ source.hlasm entity.name.function.hlasm
#                ^ source.hlasm
#                 ^ source.hlasm string.hlasm
#                  ^^ source.hlasm string.hlasm
#                    ^^^^^^^^^^^ source.hlasm string.hlasm
#                               ^^^^ source.hlasm variable.other.readwrite.hlasm
#                                   ^ source.hlasm string.hlasm
#                                    ^ source.hlasm
#                                     ^^^^ source.hlasm punctuation.definition.tag.hlasm
#                                         ^^^^^^^^^^^^^^^^^^^^^^^^^^^^^^^ source.hlasm
#                                                                        ^^^^^ source.hlasm invalid.ignored
>